ARM Linker, RVCT3.1 [Build 919] for uVision [Standard]

================================================================================

Section Cross References

    lpc2300.o(STACK) refers (Special) to stkheap2.o(.text) for __use_two_region_memory
    lpc2300.o(HEAP) refers (Special) to stkheap2.o(.text) for __use_two_region_memory
    lpc2300.o(RESET) refers to lpc2300.o(STACK) for Stack_Top
    lpc2300.o(RESET) refers to __main.o(!!!main) for __main
    lpc2300.o(RESET) refers (Special) to stkheap2.o(.text) for __use_two_region_memory
    lpc2300.o(.text) refers to lpc2300.o(HEAP) for Heap_Mem
    lpc2300.o(.text) refers to lpc2300.o(STACK) for Stack_Mem
    lpc2300.o(.text) refers (Special) to stkheap2.o(.text) for __use_two_region_memory
    functions.o(.text) refers to strlen.o(.text) for strlen
    functions.o(.text) refers to serial.o(.text) for sendchar
    functions.o(.text) refers to aeabi_sdiv.o(.text) for __aeabi_idivmod
    functions.o(.text) refers to strcmp.o(.text) for strcmp
    functions.o(.text) refers to atoi.o(.text) for atoi
    functions.o(.text) refers to rtc.o(.text) for RTCSet
    main.o(.text) refers to functions.o(.text) for GetString
    main.o(.text) refers to strcmp.o(.text) for strcmp
    main.o(.text) refers to serial.o(.text) for init_serial
    main.o(.text) refers to main.o(.bss) for sCmd
    main.o(.text) refers to main.o(.data) for cKey
    lcd_4bit.o(.text) refers to lcd_4bit.o(.constdata) for UserFont
    rtc.o(.text) refers to functions.o(.text) for itoa
    atoi.o(.text) refers to rt_errno_addr_intlibspace.o(.text) for __aeabi_errno_addr
    atoi.o(.text) refers to strtol.o(.text) for strtol
    aeabi_sdiv.o(.text_udiv) refers to aeabi_sdiv.o(.text) for __arm_div4
    aeabi_sdiv_div0.o(.text_udiv) refers to aeabi_sdiv_div0.o(.text) for __arm_div4
    stkheap2.o(.text) refers to sys_stackheap_outer.o(.text) for __user_setup_stackheap
    stkheap2.o(.text) refers to rt_stackheap_storage_intlibspace.o(.text) for __rt_stackheap_storage
    __main.o(!!!main) refers to kernel.o(.text) for __rt_entry
    kernel.o(.text) refers to stkheap2.o(.text) for __rt_stackheap_init
    kernel.o(.text) refers to boardinit2.o(.text) for _platform_post_stackheap_init
    kernel.o(.text) refers to lib_init.o(.text) for __rt_lib_init
    kernel.o(.text) refers to boardinit3.o(.text) for _platform_post_lib_init
    kernel.o(.text) refers to exit.o(.text) for exit
    kernel.o(.text) refers to main.o(.text) for main
    kernel.o(.text) refers to sys_exit.o(.text) for _sys_exit
    kernel.o(.ARM.exidx) refers to kernel.o(.text) for __rt_entry
    sys_stackheap_outer.o(.text) refers to libspace.o(.text) for __user_perproc_libspace
    sys_stackheap_outer.o(.text) refers to lpc2300.o(.text) for __user_initial_stackheap
    rt_errno_addr.o(.text) refers to rt_errno_addr.o(.bss) for __aeabi_errno_addr_data
    aeabi_idiv0_sigfpe.o(.text) refers to rt_div0.o(.text) for __rt_div0
    rt_errno_addr_intlibspace.o(.text) refers to libspace.o(.bss) for __libspace_start
    rt_stackheap_storage.o(.text) refers to rt_stackheap_storage.o(.bss) for __rt_stackheap_storage_data
    rt_stackheap_storage_intlibspace.o(.text) refers to libspace.o(.bss) for __libspace_start
    strtol.o(.text) refers to rt_ctype_table.o(.text) for __rt_ctype_table
    strtol.o(.text) refers to _strtoul.o(.text) for _strtoul
    strtol.o(.text) refers to rt_errno_addr_intlibspace.o(.text) for __aeabi_errno_addr
    sys_exit.o(.text) refers to use_no_semi.o(.text) for __I_use_semihosting
    libspace.o(.text) refers to libspace.o(.bss) for __libspace_start
    rt_div0.o(.text) refers to defsig_fpe_outer.o(.text) for __rt_SIGFPE
    rt_ctype_table.o(.text) refers to rt_locale_intlibspace.o(.text) for __rt_locale
    rt_ctype_table.o(.text) refers to lc_ctype_c.o(locale$$code) for _get_lc_ctype
    _strtoul.o(.text) refers to _chval.o(.text) for _chval
    _strtoul.o(.text) refers to rt_errno_addr_intlibspace.o(.text) for __aeabi_errno_addr
    exit.o(.text) refers to kernel.o(.text) for __rt_exit
    stkheap1.o(.text) refers to sys_stackheap_outer.o(.text) for __user_setup_stackheap
    stkheap1.o(.text) refers to rt_stackheap_storage_intlibspace.o(.text) for __rt_stackheap_storage
    lib_init.o(.emb_text) refers to no_argv.o(.text) for __ARM_get_argv
    lib_init.o(.text) refers to fpinit.o(x$fpl$fpinit) for _fp_init
    lib_init.o(.text) refers to lib_init.o(.emb_text) for __ARM_argv_veneer
    lib_init.o(.text) refers to rt_locale_intlibspace.o(.text) for __rt_locale
    lib_init.o(.text) refers (Weak) to lc_ctype_c.o(locale$$code) for _get_lc_ctype
    rt_locale.o(.text) refers to rt_locale.o(.bss) for __rt_locale_data
    rt_locale_intlibspace.o(.text) refers to libspace.o(.bss) for __libspace_start
    lc_ctype_c.o(locale$$code) refers to strcmp.o(.text) for strcmp
    lc_ctype_c.o(locale$$code) refers to lc_ctype_c.o(locale$$data) for __lcctype_c_name
    defsig_fpe_outer.o(.text) refers to defsig_fpe_inner.o(.text) for __rt_SIGFPE_inner
    defsig_fpe_outer.o(.text) refers to defsig_exit.o(.text) for __sig_exit
    defsig_fpe_formal.o(.text) refers to rt_raise.o(.text) for __rt_raise
    defsig_fpe_formal.o(.text) refers (Special) to defsig_fpe_inner.o(.text) for __rt_SIGFPE_inner
    _get_argv.o(.text) refers to heapext.o(.text) for __heap_extend
    _get_argv.o(.text) refers to defsig_rtmem_outer.o(.text) for __rt_SIGRTMEM
    _get_argv.o(.text) refers to sys_command.o(.text) for _sys_command_string
    _get_argv.o(.text) refers (Special) to hrguard.o(.text) for __heap_region_guard
    fpinit.o(x$fpl$fpinit) refers to rt_fp_status_addr_intlibspace.o(.text) for __rt_fp_status_addr
    sys_command.o(.text) refers (Special) to use_no_semi.o(.text) for __I_use_semihosting
    rt_raise.o(.text) refers to __raise.o(.text) for __raise
    rt_raise.o(.text) refers to sys_exit.o(.text) for _sys_exit
    rt_fp_status_addr.o(.text) refers to rt_fp_status_addr.o(.bss) for __rt_fp_status_addr_data
    rt_fp_status_addr_intlibspace.o(.text) refers to libspace.o(.bss) for __libspace_start
    defsig_exit.o(.text) refers to sys_exit.o(.text) for _sys_exit
    defsig_fpe_inner.o(.text) refers to defsig_general.o(.text) for __default_signal_display
    defsig_rtmem_outer.o(.text) refers to defsig_rtmem_inner.o(.text) for __rt_SIGRTMEM_inner
    defsig_rtmem_outer.o(.text) refers to defsig_exit.o(.text) for __sig_exit
    defsig_rtmem_formal.o(.text) refers to rt_raise.o(.text) for __rt_raise
    defsig_rtmem_formal.o(.text) refers (Special) to defsig_rtmem_inner.o(.text) for __rt_SIGRTMEM_inner
    heapext.o(.text) refers to stkheap2.o(.text) for __rt_heap_extend
    __raise.o(.text) refers to defsig.o(CL$$defsig) for __default_signal_handler
    __raise.o(.text) refers to callvia.o(.text) for __ARM_call_via_r2
    defsig_general.o(.text) refers to sys_wrch.o(.text) for _ttywrch
    defsig_rtmem_inner.o(.text) refers to defsig_general.o(.text) for __default_signal_display
    sys_wrch.o(.text) refers (Special) to use_no_semi.o(.text) for __I_use_semihosting
    defsig.o(CL$$defsig) refers (Weak) to defsig_fpe_inner.o(.text) for __rt_SIGFPE_inner
    defsig.o(CL$$defsig) refers (Weak) to defsig_rtmem_inner.o(.text) for __rt_SIGRTMEM_inner


================================================================================

Removing Unused input sections from the image.

    Removing lcd_4bit.o(.text), (764 bytes).
    Removing lcd_4bit.o(.constdata), (64 bytes).

2 unused section(s) (total 828 bytes) removed from the image.

================================================================================

Adding Veneers to the image

    Adding TA veneer (8 bytes, Short) for call to '__rt_exit' from exit.o(.text).
    Adding AT veneer (12 bytes, Long) for call to '__rt_lib_shutdown' from kernel.o(.text).
    Adding TA veneer (4 bytes, Inline) for call to '_fp_init' from lib_init.o(.text).
    Adding TA veneer (4 bytes, Inline) for call to '_get_lc_ctype' from lib_init.o(.text).
    Adding TA veneer (4 bytes, Inline) for call to '__rt_locale' from lib_init.o(.text).
    Adding AT veneer (8 bytes, Inline) for call to '__rt_lib_init' from kernel.o(.text).
    Adding TA veneer (4 bytes, Inline) for call to '__rt_ctype_table' from strtol.o(.text).
    Adding TA veneer (4 bytes, Inline) for call to '__aeabi_errno_addr' from atoi.o(.text).
    Adding AT veneer (8 bytes, Inline) for call to 'strlen' from functions.o(.text).
    Adding AT veneer (8 bytes, Inline) for call to 'atoi' from functions.o(.text).
    Adding TA veneer (4 bytes, Inline) for call to '__ARM_argv_veneer' from lib_init.o(.text).

11 Veneer(s) (total 68 bytes) added to the image.

================================================================================

Image Symbol Table

    Local Symbols

    Symbol Name                              Value     Ov Type        Size  Object(Section)

    RESET                                    0x00000000   Section      564  lpc2300.o(RESET)
    ../../angel/boardlib.s                   0x00000000   Number         0  boardinit1.o ABSOLUTE
    ../../angel/boardlib.s                   0x00000000   Number         0  boardshut.o ABSOLUTE
    ../../angel/boardlib.s                   0x00000000   Number         0  boardinit3.o ABSOLUTE
    ../../angel/boardlib.s                   0x00000000   Number         0  boardinit2.o ABSOLUTE
    ../../angel/boardlib.s                   0x00000000   Number         0  cpuinit.o ABSOLUTE
    ../../angel/handlers.s                   0x00000000   Number         0  __scatter_copy.o ABSOLUTE
    ../../angel/handlers.s                   0x00000000   Number         0  __scatter_zi.o ABSOLUTE
    ../../angel/kernel.s                     0x00000000   Number         0  kernel.o ABSOLUTE
    ../../angel/rt.s                         0x00000000   Number         0  rt_fp_status_addr.o ABSOLUTE
    ../../angel/rt.s                         0x00000000   Number         0  rt_ctype_table.o ABSOLUTE
    ../../angel/rt.s                         0x00000000   Number         0  rt_stackheap_storage_intlibspace.o ABSOLUTE
    ../../angel/rt.s                         0x00000000   Number         0  rt_stackheap_storage.o ABSOLUTE
    ../../angel/rt.s                         0x00000000   Number         0  rt_errno_addr_intlibspace.o ABSOLUTE
    ../../angel/rt.s                         0x00000000   Number         0  aeabi_idiv0_sigfpe.o ABSOLUTE
    ../../angel/rt.s                         0x00000000   Number         0  aeabi_idiv0.o ABSOLUTE
    ../../angel/rt.s                         0x00000000   Number         0  rt_errno_addr.o ABSOLUTE
    ../../angel/rt.s                         0x00000000   Number         0  rt_fp_status_addr_intlibspace.o ABSOLUTE
    ../../angel/rt.s                         0x00000000   Number         0  rt_raise.o ABSOLUTE
    ../../angel/rt.s                         0x00000000   Number         0  rt_locale.o ABSOLUTE
    ../../angel/rt.s                         0x00000000   Number         0  rt_locale_intlibspace.o ABSOLUTE
    ../../angel/rt.s                         0x00000000   Number         0  rt_div0.o ABSOLUTE
    ../../angel/scatter.s                    0x00000000   Number         0  __scatter.o ABSOLUTE
    ../../angel/startup.s                    0x00000000   Number         0  __main.o ABSOLUTE
    ../../angel/sys.s                        0x00000000   Number         0  sys_exit.o ABSOLUTE
    ../../angel/sys.s                        0x00000000   Number         0  libspace.o ABSOLUTE
    ../../angel/sys.s                        0x00000000   Number         0  use_no_semi.o ABSOLUTE
    ../../angel/sys.s                        0x00000000   Number         0  sys_stackheap_outer.o ABSOLUTE
    ../../angel/sysapp.c                     0x00000000   Number         0  sys_wrch.o ABSOLUTE
    ../../angel/sysapp.c                     0x00000000   Number         0  sys_command.o ABSOLUTE
    ../../armsys.c                           0x00000000   Number         0  lib_init.o ABSOLUTE
    ../../armsys.c                           0x00000000   Number         0  _get_argv.o ABSOLUTE
    ../../armsys.c                           0x00000000   Number         0  lib_init.o ABSOLUTE
    ../../armsys.c                           0x00000000   Number         0  no_argv.o ABSOLUTE
    ../../division.s                         0x00000000   Number         0  aeabi_sdiv.o ABSOLUTE
    ../../division.s                         0x00000000   Number         0  aeabi_sdiv_div0.o ABSOLUTE
    ../../divrt.s                            0x00000000   Number         0  divrt_7tdmi.o ABSOLUTE
    ../../divrt.s                            0x00000000   Number         0  divrt_7tdmi_div0.o ABSOLUTE
    ../../fpinit.s                           0x00000000   Number         0  fpinit.o ABSOLUTE
    ../../heapalloc.c                        0x00000000   Number         0  hrguard.o ABSOLUTE
    ../../locale.s                           0x00000000   Number         0  lc_ctype_c.o ABSOLUTE
    ../../memcpset.s                         0x00000000   Number         0  strcmp.o ABSOLUTE
    ../../scanf.c                            0x00000000   Number         0  _chval.o ABSOLUTE
    ../../scanf.c                            0x00000000   Number         0  atoi.o ABSOLUTE
    ../../scanf.c                            0x00000000   Number         0  strtol.o ABSOLUTE
    ../../scanf.c                            0x00000000   Number         0  _strtoul.o ABSOLUTE
    ../../signal.c                           0x00000000   Number         0  defsig_fpe_outer.o ABSOLUTE
    ../../signal.c                           0x00000000   Number         0  defsig_fpe_formal.o ABSOLUTE
    ../../signal.c                           0x00000000   Number         0  __raise.o ABSOLUTE
    ../../signal.c                           0x00000000   Number         0  defsig_fpe_inner.o ABSOLUTE
    ../../signal.c                           0x00000000   Number         0  defsig_exit.o ABSOLUTE
    ../../signal.c                           0x00000000   Number         0  defsig_rtmem_outer.o ABSOLUTE
    ../../signal.c                           0x00000000   Number         0  defsig_rtmem_formal.o ABSOLUTE
    ../../signal.c                           0x00000000   Number         0  defsig_general.o ABSOLUTE
    ../../signal.c                           0x00000000   Number         0  defsig_rtmem_inner.o ABSOLUTE
    ../../signal.s                           0x00000000   Number         0  defsig.o ABSOLUTE
    ../../stdlib.c                           0x00000000   Number         0  exit.o ABSOLUTE
    ../../stkheap.s                          0x00000000   Number         0  heapext.o ABSOLUTE
    ../../stkheap1.s                         0x00000000   Number         0  stkheap1.o ABSOLUTE
    ../../stkheap2.s                         0x00000000   Number         0  stkheap2.o ABSOLUTE
    ../../string.c                           0x00000000   Number         0  strlen.o ABSOLUTE
    ../../unhosted.s                         0x00000000   Number         0  callvia.o ABSOLUTE
    Functions.c                              0x00000000   Number         0  functions.o ABSOLUTE
    LCD_4bit.c                               0x00000000   Number         0  lcd_4bit.o ABSOLUTE
    LPC2300.s                                0x00000000   Number         0  lpc2300.o ABSOLUTE
    Main.c                                   0x00000000   Number         0  main.o ABSOLUTE
    RTC.c                                    0x00000000   Number         0  rtc.o ABSOLUTE
    Serial.c                                 0x00000000   Number         0  serial.o ABSOLUTE
    dc.s                                     0x00000000   Number         0  dc.o ABSOLUTE
    Undef_Handler                            0x00000040   ARM Code       4  lpc2300.o(RESET)
    SWI_Handler                              0x00000044   ARM Code       4  lpc2300.o(RESET)
    PAbt_Handler                             0x00000048   ARM Code       4  lpc2300.o(RESET)
    DAbt_Handler                             0x0000004c   ARM Code       4  lpc2300.o(RESET)
    IRQ_Handler                              0x00000050   ARM Code       4  lpc2300.o(RESET)
    FIQ_Handler                              0x00000054   ARM Code       4  lpc2300.o(RESET)
    !!!main                                  0x00000234   Section        8  __main.o(!!!main)
    !!!scatter                               0x0000023c   Section       60  __scatter.o(!!!scatter)
    !!handler_copy                           0x00000278   Section       40  __scatter_copy.o(!!handler_copy)
    !!handler_zi                             0x000002a0   Section       44  __scatter_zi.o(!!handler_zi)
    .emb_text                                0x000002d0   Section       16  lib_init.o(.emb_text)
    .text                                    0x000002e0   Section       32  lpc2300.o(.text)
    .text                                    0x00000300   Section     1116  functions.o(.text)
    .text                                    0x0000075c   Section      336  main.o(.text)
    .text                                    0x000008ac   Section      140  serial.o(.text)
    .text                                    0x00000938   Section      276  rtc.o(.text)
    .text                                    0x00000a54   Section       30  atoi.o(.text)
    .text                                    0x00000a7c   Section       72  strlen.o(.text)
    .text                                    0x00000ac4   Section      160  strcmp.o(.text)
    .text                                    0x00000b64   Section      384  aeabi_sdiv.o(.text)
    __arm_div8                               0x00000b90   ARM Code       0  aeabi_sdiv.o(.text)
    __arm_div4                               0x00000bc0   ARM Code       0  aeabi_sdiv.o(.text)
    __arm_div_large                          0x00000c14   ARM Code       0  aeabi_sdiv.o(.text)
    .text                                    0x00000ce4   Section       64  stkheap2.o(.text)
    .text                                    0x00000d24   Section      104  kernel.o(.text)
    .text                                    0x00000d8c   Section       96  sys_stackheap_outer.o(.text)
    .text                                    0x00000df0   Section       16  rt_errno_addr_intlibspace.o(.text)
    .text                                    0x00000e00   Section       16  rt_stackheap_storage_intlibspace.o(.text)
    .text                                    0x00000e10   Section      116  strtol.o(.text)
    .text                                    0x00000e84   Section       24  sys_exit.o(.text)
    .text                                    0x00000e9c   Section       12  libspace.o(.text)
    .text                                    0x00000eac   Section       24  rt_ctype_table.o(.text)
    .text                                    0x00000ec4   Section      166  _strtoul.o(.text)
    .text                                    0x00000f6a   Section       12  exit.o(.text)
    .text                                    0x00000f80   Section      206  lib_init.o(.text)
    .text                                    0x00001050   Section       12  boardinit2.o(.text)
    .text                                    0x0000105c   Section       16  boardinit3.o(.text)
    .text                                    0x0000106c   Section        4  use_no_semi.o(.text)
    .text                                    0x00001074   Section       16  rt_locale_intlibspace.o(.text)
    .text                                    0x00001084   Section       34  _chval.o(.text)
    .text                                    0x000010a6   Section        6  no_argv.o(.text)
    .text                                    0x000010ac   Section       16  rt_fp_status_addr_intlibspace.o(.text)
    locale$$code                             0x000010d4   Section       80  lc_ctype_c.o(locale$$code)
    x$fpl$fpinit                             0x00001128   Section       24  fpinit.o(x$fpl$fpinit)
    locale$$data                             0x00001160   Section      272  lc_ctype_c.o(locale$$data)
    __lcctype_c_name                         0x00001164   Data           2  lc_ctype_c.o(locale$$data)
    __lcctype_c_start                        0x0000116c   Data           0  lc_ctype_c.o(locale$$data)
    __lcctype_c_end                          0x00001270   Number         0  lc_ctype_c.o(locale$$data)
    .data                                    0x40000000   Section        5  main.o(.data)
    .bss                                     0x40000008   Section      512  main.o(.bss)
    .bss                                     0x40000208   Section       96  libspace.o(.bss)
    HEAP                                     0x40000268   Number         0  lpc2300.o(HEAP)
    STACK                                    0x40000268   Section     1288  lpc2300.o(STACK)
    Heap_Mem                                 0x40000268   Number         0  lpc2300.o(HEAP)
    Stack_Mem                                0x40000268   Data        1024  lpc2300.o(STACK)
    Stack_Top                                0x40000770   Number         0  lpc2300.o(STACK)

    Global Symbols

    Symbol Name                              Value     Ov Type        Size  Object(Section)

    BuildAttributes$$THM_ISAv1$ARM_ISAv4$M$S$PE$A:L22$X:L11$S22$IEEE1$IW$USESV6$~STKCKD$USESV7$~SHL$OSPACE$EBA8$STANDARDLIB$REQ8$EABIv2 0x00000000   Number         0  anon$$obj.o ABSOLUTE
    __ARM_use_no_argv                        0x00000000   Number         0  main.o ABSOLUTE
    __ARM_exceptions_init                     - Undefined Weak Reference
    __Heap_DescSize                           - Undefined Weak Reference
    __alloca_initialize                       - Undefined Weak Reference
    __cpp_initialize__aeabi_                  - Undefined Weak Reference
    __cxa_finalize                            - Undefined Weak Reference
    __rt_SIGABRT_inner                        - Undefined Weak Reference
    __rt_SIGCPPL_inner                        - Undefined Weak Reference
    __rt_SIGILL_inner                         - Undefined Weak Reference
    __rt_SIGINT_inner                         - Undefined Weak Reference
    __rt_SIGPVFN_inner                        - Undefined Weak Reference
    __rt_SIGRTRED_inner                       - Undefined Weak Reference
    __rt_SIGSEGV_inner                        - Undefined Weak Reference
    __rt_SIGSTAK_inner                        - Undefined Weak Reference
    __rt_SIGTERM_inner                        - Undefined Weak Reference
    __rt_SIGUSR1_inner                        - Undefined Weak Reference
    __rt_SIGUSR2_inner                        - Undefined Weak Reference
    __rt_sigother_inner                       - Undefined Weak Reference
    __sigvec_lookup                           - Undefined Weak Reference
    __user_heap_extend                        - Undefined Weak Reference
    _atexit_init                              - Undefined Weak Reference
    _call_atexit_fns                          - Undefined Weak Reference
    _clock_init                               - Undefined Weak Reference
    _fp_trap_init                             - Undefined Weak Reference
    _get_lc_collate                           - Undefined Weak Reference
    _get_lc_monetary                          - Undefined Weak Reference
    _get_lc_numeric                           - Undefined Weak Reference
    _get_lc_time                              - Undefined Weak Reference
    _getenv_init                              - Undefined Weak Reference
    _handle_redirection                       - Undefined Weak Reference
    _init_alloc                               - Undefined Weak Reference
    _init_user_alloc                          - Undefined Weak Reference
    _initio                                   - Undefined Weak Reference
    _rand_init                                - Undefined Weak Reference
    _signal_init                              - Undefined Weak Reference
    _terminate_user_alloc                     - Undefined Weak Reference
    _terminateio                              - Undefined Weak Reference
    Reset_Handler                            0x00000058   ARM Code       0  lpc2300.o(RESET)
    __main                                   0x00000234   ARM Code       8  __main.o(!!!main)
    __scatterload                            0x0000023c   ARM Code       0  __scatter.o(!!!scatter)
    __scatterload_rt2                        0x0000023c   ARM Code      52  __scatter.o(!!!scatter)
    __scatterload_null                       0x00000250   ARM Code       0  __scatter.o(!!!scatter)
    __scatterload_copy                       0x00000278   ARM Code      40  __scatter_copy.o(!!handler_copy)
    __scatterload_zeroinit                   0x000002a0   ARM Code      44  __scatter_zi.o(!!handler_zi)
    Inline Thumb to ARM Veneer to __ARM_argv_veneer 0x000002cd   Thumb Code     0  lib_init.o(.emb_text)
    __ARM_argv_veneer                        0x000002d0   ARM Code      16  lib_init.o(.emb_text)
    __user_initial_stackheap                 0x000002e0   ARM Code       0  lpc2300.o(.text)
    sendchars                                0x00000300   ARM Code      56  functions.o(.text)
    reverse                                  0x00000338   ARM Code      68  functions.o(.text)
    itoa                                     0x0000037c   ARM Code     132  functions.o(.text)
    FillChars                                0x00000400   ARM Code      32  functions.o(.text)
    GetString                                0x00000420   ARM Code     108  functions.o(.text)
    ProcCmdNow                               0x0000048c   ARM Code     376  functions.o(.text)
    ProcCmdMSSV                              0x00000604   ARM Code     344  functions.o(.text)
    Process                                  0x0000075c   ARM Code     112  main.o(.text)
    main                                     0x000007cc   ARM Code     184  main.o(.text)
    init_serial                              0x000008ac   ARM Code      68  serial.o(.text)
    sendchar                                 0x000008f0   ARM Code      32  serial.o(.text)
    getkey                                   0x00000910   ARM Code      32  serial.o(.text)
    RTCInit                                  0x00000938   ARM Code      56  rtc.o(.text)
    RTCSet                                   0x00000970   ARM Code      40  rtc.o(.text)
    RTCGet                                   0x00000998   ARM Code     172  rtc.o(.text)
    Inline ARM to Thumb Veneer to atoi       0x00000a4c   ARM Code       0  atoi.o(.text)
    atoi                                     0x00000a55   Thumb Code    30  atoi.o(.text)
    Inline ARM to Thumb Veneer to strlen     0x00000a74   ARM Code       0  strlen.o(.text)
    strlen                                   0x00000a7d   Thumb Code    68  strlen.o(.text)
    strcmp                                   0x00000ac4   ARM Code     156  strcmp.o(.text)
    __aeabi_idiv                             0x00000b64   ARM Code       0  aeabi_sdiv.o(.text)
    __aeabi_idivmod                          0x00000b64   ARM Code     384  aeabi_sdiv.o(.text)
    __use_two_region_memory                  0x00000ce4   ARM Code       4  stkheap2.o(.text)
    __rt_stackheap_init                      0x00000ce8   ARM Code      36  stkheap2.o(.text)
    __rt_heap_extend                         0x00000d0c   ARM Code      24  stkheap2.o(.text)
    __rt_entry                               0x00000d24   ARM Code      76  kernel.o(.text)
    __rt_exit                                0x00000d70   ARM Code      20  kernel.o(.text)
    __rt_abort                               0x00000d84   ARM Code       8  kernel.o(.text)
    __user_setup_stackheap                   0x00000d8c   ARM Code      96  sys_stackheap_outer.o(.text)
    Inline Thumb to ARM Veneer to __aeabi_errno_addr 0x00000ded   Thumb Code     0  rt_errno_addr_intlibspace.o(.text)
    __aeabi_errno_addr                       0x00000df0   ARM Code      12  rt_errno_addr_intlibspace.o(.text)
    __rt_errno_addr_intlibspace              0x00000df0   ARM Code       0  rt_errno_addr_intlibspace.o(.text)
    __rt_stackheap_storage                   0x00000e00   ARM Code      12  rt_stackheap_storage_intlibspace.o(.text)
    strtol                                   0x00000e11   Thumb Code   112  strtol.o(.text)
    _sys_exit                                0x00000e84   ARM Code      20  sys_exit.o(.text)
    __user_libspace                          0x00000e9c   ARM Code       8  libspace.o(.text)
    __user_perproc_libspace                  0x00000e9c   ARM Code       0  libspace.o(.text)
    __user_perthread_libspace                0x00000e9c   ARM Code       0  libspace.o(.text)
    Inline Thumb to ARM Veneer to __rt_ctype_table 0x00000ea9   Thumb Code     0  rt_ctype_table.o(.text)
    __rt_ctype_table                         0x00000eac   ARM Code      24  rt_ctype_table.o(.text)
    _strtoul                                 0x00000ec5   Thumb Code   166  _strtoul.o(.text)
    exit                                     0x00000f6b   Thumb Code    12  exit.o(.text)
    Inline ARM to Thumb Veneer to __rt_lib_init 0x00000f78   ARM Code       0  lib_init.o(.text)
    __rt_lib_init                            0x00000f81   Thumb Code   184  lib_init.o(.text)
    __rt_lib_shutdown                        0x00001039   Thumb Code    22  lib_init.o(.text)
    _platform_post_stackheap_init            0x00001050   ARM Code      12  boardinit2.o(.text)
    _platform_post_lib_init                  0x0000105c   ARM Code      16  boardinit3.o(.text)
    __I_use_semihosting                      0x0000106c   ARM Code       0  use_no_semi.o(.text)
    __use_no_semihosting_swi                 0x0000106c   ARM Code       4  use_no_semi.o(.text)
    Inline Thumb to ARM Veneer to __rt_locale 0x00001071   Thumb Code     0  rt_locale_intlibspace.o(.text)
    __rt_locale                              0x00001074   ARM Code      12  rt_locale_intlibspace.o(.text)
    _chval                                   0x00001085   Thumb Code    34  _chval.o(.text)
    __ARM_get_argv                           0x000010a7   Thumb Code     6  no_argv.o(.text)
    __rt_fp_status_addr                      0x000010ac   ARM Code      12  rt_fp_status_addr_intlibspace.o(.text)
    Long ARM to Thumb Veneer to __rt_lib_shutdown 0x000010bc   ARM Code       0  anon$$obj.o(Veneer$$Code)
    Short Thumb to ARM Veneer to __rt_exit   0x000010c9   Thumb Code     0  anon$$obj.o(Veneer$$Code)
    Inline Thumb to ARM Veneer to _get_lc_ctype 0x000010d1   Thumb Code     0  lc_ctype_c.o(locale$$code)
    _get_lc_ctype                            0x000010d4   ARM Code      80  lc_ctype_c.o(locale$$code)
    Inline Thumb to ARM Veneer to _fp_init   0x00001125   Thumb Code     0  fpinit.o(x$fpl$fpinit)
    _fp_init                                 0x00001128   ARM Code      24  fpinit.o(x$fpl$fpinit)
    __fplib_config_pureend_doubles           0x00001138   ARM Code       0  fpinit.o(x$fpl$fpinit)
    Region$$Table$$Base                      0x00001140   Number         0  anon$$obj.o(Region$$Table)
    Region$$Table$$Limit                     0x00001160   Number         0  anon$$obj.o(Region$$Table)
    __ctype                                  0x0000116d   Data           0  lc_ctype_c.o(locale$$data)
    iPos                                     0x40000000   Data           4  main.o(.data)
    cKey                                     0x40000004   Data           1  main.o(.data)
    sCmd                                     0x40000008   Data         256  main.o(.bss)
    sTemp                                    0x40000108   Data         256  main.o(.bss)
    __libspace_start                         0x40000208   Data          96  libspace.o(.bss)
    __temporary_stack_top_libspace           0x40000268   Data           0  libspace.o(.bss)


================================================================================

Memory Map of the image

  Image Entry point : 0x00000234

  Load Region LR_IROM1 (Base: 0x00000000, Size: 0x00001278, Max: 0x00080000, ABSOLUTE)

    Execution Region ER_IROM1 (Base: 0x00000000, Size: 0x00001270, Max: 0x00080000, ABSOLUTE)

    Base Addr    Size         Type   Attr      Idx    E Section Name        Object

    0x00000000   0x00000234   Code   RO            3    RESET               lpc2300.o
    0x00000234   0x00000008   Code   RO          119  * !!!main             __main.o(c_t.l)
    0x0000023c   0x0000003c   Code   RO          226    !!!scatter          __scatter.o(c_t.l)
    0x00000278   0x00000028   Code   RO          228    !!handler_copy      __scatter_copy.o(c_t.l)
    0x000002a0   0x0000002c   Code   RO          230    !!handler_zi        __scatter_zi.o(c_t.l)
    0x000002cc   0x00000004   Ven    RO          157    .emb_text           lib_init.o(c_t.l)
    0x000002d0   0x00000010   Code   RO          157    .emb_text           lib_init.o(c_t.l)
    0x000002e0   0x00000020   Code   RO            4    .text               lpc2300.o
    0x00000300   0x0000045c   Code   RO           12    .text               functions.o
    0x0000075c   0x00000150   Code   RO           35    .text               main.o
    0x000008ac   0x0000008c   Code   RO           64    .text               serial.o
    0x00000938   0x00000114   Code   RO           77    .text               rtc.o
    0x00000a4c   0x00000008   Ven    RO           95    .text               atoi.o(c_t.l)
    0x00000a54   0x0000001e   Code   RO           95    .text               atoi.o(c_t.l)
    0x00000a72   0x00000002   PAD
    0x00000a74   0x00000008   Ven    RO           97    .text               strlen.o(c_t.l)
    0x00000a7c   0x00000048   Code   RO           97    .text               strlen.o(c_t.l)
    0x00000ac4   0x000000a0   Code   RO           99    .text               strcmp.o(c_t.l)
    0x00000b64   0x00000180   Code   RO          101    .text               aeabi_sdiv.o(c_t.l)
    0x00000ce4   0x00000040   Code   RO          117    .text               stkheap2.o(c_t.l)
    0x00000d24   0x00000068   Code   RO          121    .text               kernel.o(c_t.l)
    0x00000d8c   0x00000060   Code   RO          124    .text               sys_stackheap_outer.o(c_t.l)
    0x00000dec   0x00000004   Ven    RO          133    .text               rt_errno_addr_intlibspace.o(c_t.l)
    0x00000df0   0x00000010   Code   RO          133    .text               rt_errno_addr_intlibspace.o(c_t.l)
    0x00000e00   0x00000010   Code   RO          138    .text               rt_stackheap_storage_intlibspace.o(c_t.l)
    0x00000e10   0x00000074   Code   RO          140    .text               strtol.o(c_t.l)
    0x00000e84   0x00000018   Code   RO          142    .text               sys_exit.o(c_t.l)
    0x00000e9c   0x0000000c   Code   RO          144    .text               libspace.o(c_t.l)
    0x00000ea8   0x00000004   Ven    RO          149    .text               rt_ctype_table.o(c_t.l)
    0x00000eac   0x00000018   Code   RO          149    .text               rt_ctype_table.o(c_t.l)
    0x00000ec4   0x000000a6   Code   RO          151    .text               _strtoul.o(c_t.l)
    0x00000f6a   0x0000000c   Code   RO          153    .text               exit.o(c_t.l)
    0x00000f76   0x00000002   PAD
    0x00000f78   0x00000008   Ven    RO          158    .text               lib_init.o(c_t.l)
    0x00000f80   0x000000ce   Code   RO          158    .text               lib_init.o(c_t.l)
    0x0000104e   0x00000002   PAD
    0x00001050   0x0000000c   Code   RO          163    .text               boardinit2.o(c_t.l)
    0x0000105c   0x00000010   Code   RO          165    .text               boardinit3.o(c_t.l)
    0x0000106c   0x00000004   Code   RO          169    .text               use_no_semi.o(c_t.l)
    0x00001070   0x00000004   Ven    RO          174    .text               rt_locale_intlibspace.o(c_t.l)
    0x00001074   0x00000010   Code   RO          174    .text               rt_locale_intlibspace.o(c_t.l)
    0x00001084   0x00000022   Code   RO          176    .text               _chval.o(c_t.l)
    0x000010a6   0x00000006   Code   RO          189    .text               no_argv.o(c_t.l)
    0x000010ac   0x00000010   Code   RO          200    .text               rt_fp_status_addr_intlibspace.o(c_t.l)
    0x000010bc   0x0000000c   Ven    RO          241    Veneer$$Code        anon$$obj.o
    0x000010c8   0x00000008   Ven    RO          242    Veneer$$Code        anon$$obj.o
    0x000010d0   0x00000004   Ven    RO          179    locale$$code        lc_ctype_c.o(c_t.l)
    0x000010d4   0x00000050   Code   RO          179    locale$$code        lc_ctype_c.o(c_t.l)
    0x00001124   0x00000004   Ven    RO          191    x$fpl$fpinit        fpinit.o(fz_ts.l)
    0x00001128   0x00000018   Code   RO          191    x$fpl$fpinit        fpinit.o(fz_ts.l)
    0x00001140   0x00000020   Data   RO          225    Region$$Table       anon$$obj.o
    0x00001160   0x00000110   Data   RO          178    locale$$data        lc_ctype_c.o(c_t.l)


    Execution Region RW_IRAM1 (Base: 0x40000000, Size: 0x00000770, Max: 0x00008000, ABSOLUTE)

    Base Addr    Size         Type   Attr      Idx    E Section Name        Object

    0x40000000   0x00000005   Data   RW           36    .data               main.o
    0x40000005   0x00000003   PAD
    0x40000008   0x00000200   Zero   RW           37    .bss                main.o
    0x40000208   0x00000060   Zero   RW          145    .bss                libspace.o(c_t.l)
    0x40000268   0x00000000   Zero   RW            2    HEAP                lpc2300.o
    0x40000268   0x00000508   Zero   RW            1    STACK               lpc2300.o


================================================================================

Image component sizes


      Code (inc. data)   RO Data    RW Data    ZI Data      Debug   Object Name

      1116        308          0          0          0       5310   functions.o
       596         92          0          0       1288        594   lpc2300.o
       336         40          0          5        512        999   main.o
       276          8          0          0          0        902   rtc.o
       140          8          0          0          0        620   serial.o

    ------------------------------------------------------------------------
      2484        460         32          8       1800       8428   Object Totals
        20          4         32          0          0          0   (incl. Generated)
         0          0          0          3          0          3   (incl. Padding)

    ------------------------------------------------------------------------

      Code (inc. data)   RO Data    RW Data    ZI Data      Debug   Library Member Name

         8          0          0          0          0          0   __main.o
        60          8          0          0          0          0   __scatter.o
        40          0          0          0          0          0   __scatter_copy.o
        44          0          0          0          0          0   __scatter_zi.o
        34          0          0          0          0          0   _chval.o
       166          0          0          0          0          0   _strtoul.o
       384          0          0          0          0          0   aeabi_sdiv.o
        38          0          0          0          0          0   atoi.o
        12          0          0          0          0          0   boardinit2.o
        16          0          0          0          0          0   boardinit3.o
        12          0          0          0          0          0   exit.o
        28          0          0          0          0          0   fpinit.o
       104          4          0          0          0          0   kernel.o
        84          8        272          0          0          0   lc_ctype_c.o
       234          4          0          0          0          0   lib_init.o
        12          4          0          0         96          0   libspace.o
         6          0          0          0          0          0   no_argv.o
        28          4          0          0          0          0   rt_ctype_table.o
        20          4          0          0          0          0   rt_errno_addr_intlibspace.o
        16          4          0          0          0          0   rt_fp_status_addr_intlibspace.o
        20          4          0          0          0          0   rt_locale_intlibspace.o
        16          4          0          0          0          0   rt_stackheap_storage_intlibspace.o
        64          0          0          0          0          0   stkheap2.o
       160          4          0          0          0          0   strcmp.o
        80          4          0          0          0          0   strlen.o
       116          4          0          0          0          0   strtol.o
        24          8          0          0          0          0   sys_exit.o
        96          0          0          0          0          0   sys_stackheap_outer.o
         4          0          0          0          0          0   use_no_semi.o

    ------------------------------------------------------------------------
      1932         68        272          0         96          0   Library Totals
         6          0          0          0          0          0   (incl. Padding)

    ------------------------------------------------------------------------

      Code (inc. data)   RO Data    RW Data    ZI Data      Debug   Library Name

      1898         68        272          0         96          0   c_t.l
        28          0          0          0          0          0   fz_ts.l

    ------------------------------------------------------------------------
      1932         68        272          0         96          0   Library Totals

    ------------------------------------------------------------------------

================================================================================


      Code (inc. data)   RO Data    RW Data    ZI Data      Debug   

      4416        528        304          8       1896       8428   Grand Totals
      4416        528        304          8       1896       8428   ELF Image Totals
      4416        528        304          8          0          0   ROM Totals

================================================================================

    Total RO  Size (Code + RO Data)                 4720 (   4.61kB)
    Total RW  Size (RW Data + ZI Data)              1904 (   1.86kB)
    Total ROM Size (Code + RO Data + RW Data)       4728 (   4.62kB)

================================================================================

