<html>
<body>
<pre>
<h1>µVision3 Build Log</h1>
<h2>Project:</h2>
D:\Giao Trinh\DH KHTN\Lap trinh nhung co ban\Thuc hanh\0812223_0812239_LPC2378\0812223_0812239_LPC2378.uv2
Project File Date:  12/02/2010

<h2>Output:</h2>
Build target 'Target 1'
assembling LPC2300.s...
compiling Functions.c...
Functions.c(6): warning:  #223-D: function "strlen" declared implicitly
Functions.c(10): warning:  #223-D: function "sendchar" declared implicitly
Functions.c(21): warning:  #223-D: function "strlen" declared implicitly
Functions.c(53): warning:  #223-D: function "strlen" declared implicitly
Functions.c(69): warning:  #223-D: function "strcmp" declared implicitly
Functions.c(74): warning:  #223-D: function "RTCSet" declared implicitly
Functions.c(79): warning:  #223-D: function "RTCSet" declared implicitly
Functions.c(91): warning:  #1-D: last line of file ends without a newline
compiling Main.c...
Main.c(14): warning:  #223-D: function "strcmp" declared implicitly
Main.c(14): warning:  #223-D: function "GetString" declared implicitly
Main.c(16): warning:  #223-D: function "sendchars" declared implicitly
Main.c(20): warning:  #223-D: function "ProcCmdNow" declared implicitly
Main.c(28): warning:  #223-D: function "init_serial" declared implicitly
Main.c(29): warning:  #223-D: function "sendchars" declared implicitly
Main.c(33): warning:  #223-D: function "getkey" declared implicitly
Main.c(53): warning:  #111-D: statement is unreachable
Main.c(54): warning:  #1-D: last line of file ends without a newline
compiling LCD_4bit.c...
compiling Serial.c...
compiling RTC.c...
RTC.c(21): warning:  #223-D: function "itoa" declared implicitly
RTC.c(40): warning:  #1-D: last line of file ends without a newline
linking...
Program Size: Code=4300 RO-data=304 RW-data=8 ZI-data=1896  
"0812223_0812239_LPC2378.axf" - 0 Error(s), 19 Warning(s).
Build target 'Target 1'
assembling LPC2300.s...
compiling Functions.c...
Functions.c(6): warning:  #223-D: function "strlen" declared implicitly
Functions.c(10): warning:  #223-D: function "sendchar" declared implicitly
Functions.c(21): warning:  #223-D: function "strlen" declared implicitly
Functions.c(53): warning:  #223-D: function "strlen" declared implicitly
Functions.c(69): warning:  #223-D: function "strcmp" declared implicitly
Functions.c(74): warning:  #223-D: function "RTCSet" declared implicitly
Functions.c(79): warning:  #223-D: function "RTCSet" declared implicitly
Functions.c(97): warning:  #1-D: last line of file ends without a newline
compiling Main.c...
Main.c(14): warning:  #223-D: function "strcmp" declared implicitly
Main.c(14): warning:  #223-D: function "GetString" declared implicitly
Main.c(16): warning:  #223-D: function "ProcCmdMSSV" declared implicitly
Main.c(20): warning:  #223-D: function "ProcCmdNow" declared implicitly
Main.c(28): warning:  #223-D: function "init_serial" declared implicitly
Main.c(29): warning:  #223-D: function "sendchars" declared implicitly
Main.c(33): warning:  #223-D: function "getkey" declared implicitly
Main.c(53): warning:  #111-D: statement is unreachable
Main.c(54): warning:  #1-D: last line of file ends without a newline
compiling LCD_4bit.c...
compiling Serial.c...
compiling RTC.c...
RTC.c(21): warning:  #223-D: function "itoa" declared implicitly
RTC.c(40): warning:  #1-D: last line of file ends without a newline
linking...
Program Size: Code=4408 RO-data=304 RW-data=8 ZI-data=1896  
"0812223_0812239_LPC2378.axf" - 0 Error(s), 19 Warning(s).
Build target 'Target 1'
assembling LPC2300.s...
compiling Functions.c...
Functions.c(6): warning:  #223-D: function "strlen" declared implicitly
Functions.c(10): warning:  #223-D: function "sendchar" declared implicitly
Functions.c(21): warning:  #223-D: function "strlen" declared implicitly
Functions.c(53): warning:  #223-D: function "strlen" declared implicitly
Functions.c(69): warning:  #223-D: function "strcmp" declared implicitly
Functions.c(74): warning:  #223-D: function "RTCSet" declared implicitly
Functions.c(79): warning:  #223-D: function "RTCSet" declared implicitly
Functions.c(97): warning:  #1-D: last line of file ends without a newline
compiling Main.c...
Main.c(6): error:  #85: invalid storage class for a parameter
Main.c(6): error:  #99: a declaration here must declare a parameter
Main.c(6): warning:  #260-D: explicit type is missing ("int" assumed)
Main.c(8): error:  #65: expected a ";"
Main.c(9): error:  #99: a declaration here must declare a parameter
Main.c(9): error:  #78: a parameter declaration may not have an initializer
Main.c(10): error:  #99: a declaration here must declare a parameter
Main.c(10): error:  #78: a parameter declaration may not have an initializer
Main.c(11): error:  #99: a declaration here must declare a parameter
Main.c(11): error:  #78: a parameter declaration may not have an initializer
Main.c(13): error:  #99: a declaration here must declare a parameter
Main.c(14): error:  #65: expected a ";"
Main.c(49): warning:  #12-D: parsing restarts here after previous syntax error
Main.c(50): error:  #169: expected a declaration
Main.c(51): error:  #130: expected a "{"
Main.c(52): error:  #169: expected a declaration
Main.c(55): warning:  #1-D: last line of file ends without a newline
Main.c(55): error:  #169: expected a declaration
compiling LCD_4bit.c...
compiling Serial.c...
compiling RTC.c...
RTC.c(21): warning:  #223-D: function "itoa" declared implicitly
RTC.c(40): warning:  #1-D: last line of file ends without a newline
Target not created
Build target 'Target 1'
assembling LPC2300.s...
compiling Functions.c...
Functions.c(6): warning:  #223-D: function "strlen" declared implicitly
Functions.c(10): warning:  #223-D: function "sendchar" declared implicitly
Functions.c(21): warning:  #223-D: function "strlen" declared implicitly
Functions.c(53): warning:  #223-D: function "strlen" declared implicitly
Functions.c(69): warning:  #223-D: function "strcmp" declared implicitly
Functions.c(74): warning:  #223-D: function "RTCSet" declared implicitly
Functions.c(79): warning:  #223-D: function "RTCSet" declared implicitly
Functions.c(97): warning:  #1-D: last line of file ends without a newline
compiling Main.c...
Main.c(5): warning:  #1295-D: Deprecated declaration ProcCmdMSSV - give arg types
Main.c(15): warning:  #223-D: function "strcmp" declared implicitly
Main.c(15): warning:  #223-D: function "GetString" declared implicitly
Main.c(29): warning:  #223-D: function "init_serial" declared implicitly
Main.c(30): warning:  #223-D: function "sendchars" declared implicitly
Main.c(34): warning:  #223-D: function "getkey" declared implicitly
Main.c(54): warning:  #111-D: statement is unreachable
Main.c(55): warning:  #1-D: last line of file ends without a newline
compiling LCD_4bit.c...
compiling Serial.c...
compiling RTC.c...
RTC.c(21): warning:  #223-D: function "itoa" declared implicitly
RTC.c(40): warning:  #1-D: last line of file ends without a newline
linking...
Program Size: Code=4408 RO-data=304 RW-data=8 ZI-data=1896  
"0812223_0812239_LPC2378.axf" - 0 Error(s), 18 Warning(s).
Build target 'Target 1'
assembling LPC2300.s...
compiling Functions.c...
Functions.c(6): warning:  #223-D: function "strlen" declared implicitly
Functions.c(10): warning:  #223-D: function "sendchar" declared implicitly
Functions.c(21): warning:  #223-D: function "strlen" declared implicitly
Functions.c(53): warning:  #223-D: function "strlen" declared implicitly
Functions.c(69): warning:  #223-D: function "strcmp" declared implicitly
Functions.c(74): warning:  #223-D: function "RTCSet" declared implicitly
Functions.c(79): warning:  #223-D: function "RTCSet" declared implicitly
Functions.c(97): warning:  #1-D: last line of file ends without a newline
compiling Main.c...
Main.c(5): warning:  #1295-D: Deprecated declaration ProcCmdMSSV - give arg types
Main.c(15): warning:  #223-D: function "strcmp" declared implicitly
Main.c(15): warning:  #223-D: function "GetString" declared implicitly
Main.c(29): warning:  #223-D: function "init_serial" declared implicitly
Main.c(30): warning:  #223-D: function "sendchars" declared implicitly
Main.c(34): warning:  #223-D: function "getkey" declared implicitly
Main.c(54): warning:  #111-D: statement is unreachable
Main.c(55): warning:  #1-D: last line of file ends without a newline
compiling LCD_4bit.c...
compiling Serial.c...
compiling RTC.c...
RTC.c(21): warning:  #223-D: function "itoa" declared implicitly
RTC.c(40): warning:  #1-D: last line of file ends without a newline
linking...
Program Size: Code=4408 RO-data=304 RW-data=8 ZI-data=1896  
"0812223_0812239_LPC2378.axf" - 0 Error(s), 18 Warning(s).
Build target 'Target 1'
assembling LPC2300.s...
compiling Functions.c...
Functions.c(6): warning:  #223-D: function "strlen" declared implicitly
Functions.c(10): warning:  #223-D: function "sendchar" declared implicitly
Functions.c(21): warning:  #223-D: function "strlen" declared implicitly
Functions.c(53): warning:  #223-D: function "strlen" declared implicitly
Functions.c(69): warning:  #223-D: function "strcmp" declared implicitly
Functions.c(74): warning:  #223-D: function "RTCSet" declared implicitly
Functions.c(79): warning:  #223-D: function "RTCSet" declared implicitly
Functions.c(97): warning:  #1-D: last line of file ends without a newline
compiling Main.c...
Main.c(5): warning:  #1295-D: Deprecated declaration ProcCmdMSSV - give arg types
Main.c(16): warning:  #223-D: function "strcmp" declared implicitly
Main.c(16): error:  #165: too few arguments in function call
Main.c(20): error:  #165: too few arguments in function call
Main.c(30): warning:  #223-D: function "init_serial" declared implicitly
Main.c(31): warning:  #223-D: function "sendchars" declared implicitly
Main.c(35): warning:  #223-D: function "getkey" declared implicitly
Main.c(55): warning:  #111-D: statement is unreachable
Main.c(56): warning:  #1-D: last line of file ends without a newline
compiling LCD_4bit.c...
compiling Serial.c...
compiling RTC.c...
RTC.c(21): warning:  #223-D: function "itoa" declared implicitly
RTC.c(40): warning:  #1-D: last line of file ends without a newline
Target not created
Build target 'Target 1'
assembling LPC2300.s...
compiling Functions.c...
Functions.c(6): warning:  #223-D: function "strlen" declared implicitly
Functions.c(10): warning:  #223-D: function "sendchar" declared implicitly
Functions.c(21): warning:  #223-D: function "strlen" declared implicitly
Functions.c(53): warning:  #223-D: function "strlen" declared implicitly
Functions.c(69): warning:  #223-D: function "strcmp" declared implicitly
Functions.c(74): warning:  #223-D: function "RTCSet" declared implicitly
Functions.c(79): warning:  #223-D: function "RTCSet" declared implicitly
Functions.c(97): warning:  #1-D: last line of file ends without a newline
compiling Main.c...
Main.c(5): warning:  #1295-D: Deprecated declaration ProcCmdMSSV - give arg types
Main.c(16): warning:  #223-D: function "strcmp" declared implicitly
Main.c(30): warning:  #223-D: function "init_serial" declared implicitly
Main.c(31): warning:  #223-D: function "sendchars" declared implicitly
Main.c(35): warning:  #223-D: function "getkey" declared implicitly
Main.c(55): warning:  #111-D: statement is unreachable
Main.c(56): warning:  #1-D: last line of file ends without a newline
compiling LCD_4bit.c...
compiling Serial.c...
compiling RTC.c...
RTC.c(21): warning:  #223-D: function "itoa" declared implicitly
RTC.c(40): warning:  #1-D: last line of file ends without a newline
linking...
Program Size: Code=4416 RO-data=304 RW-data=8 ZI-data=1896  
"0812223_0812239_LPC2378.axf" - 0 Error(s), 17 Warning(s).
Build target 'Target 1'
assembling LPC2300.s...
compiling Functions.c...
Functions.c(3): error:  #141-D: unnamed prototyped parameters not allowed when body is present
Functions.c(5): error:  #130: expected a "{"
Functions.c(7): error:  #20: identifier "s" is undefined
Functions.c(11): warning:  #223-D: function "sendchar" declared implicitly
Functions.c(15): warning:  #940-D: missing return statement at end of non-void function "strlen"
Functions.c(70): warning:  #223-D: function "strcmp" declared implicitly
Functions.c(75): warning:  #223-D: function "RTCSet" declared implicitly
Functions.c(76): warning:  #223-D: function "sendchars" declared implicitly
Functions.c(80): warning:  #223-D: function "RTCSet" declared implicitly
Functions.c(81): warning:  #223-D: function "sendchars" declared implicitly
Functions.c(87): warning:  #223-D: function "sendchars" declared implicitly
Functions.c(95): warning:  #223-D: function "sendchars" declared implicitly
Functions.c(98): warning:  #1-D: last line of file ends without a newline
compiling Main.c...
Main.c(5): warning:  #1295-D: Deprecated declaration ProcCmdMSSV - give arg types
Main.c(16): warning:  #223-D: function "strcmp" declared implicitly
Main.c(30): warning:  #223-D: function "init_serial" declared implicitly
Main.c(31): warning:  #223-D: function "sendchars" declared implicitly
Main.c(35): warning:  #223-D: function "getkey" declared implicitly
Main.c(55): warning:  #111-D: statement is unreachable
Main.c(56): warning:  #1-D: last line of file ends without a newline
compiling LCD_4bit.c...
compiling Serial.c...
compiling RTC.c...
RTC.c(21): warning:  #223-D: function "itoa" declared implicitly
RTC.c(40): warning:  #1-D: last line of file ends without a newline
Target not created
Build target 'Target 1'
assembling LPC2300.s...
compiling Functions.c...
Functions.c(11): warning:  #223-D: function "sendchar" declared implicitly
Functions.c(70): warning:  #223-D: function "strcmp" declared implicitly
Functions.c(75): warning:  #223-D: function "RTCSet" declared implicitly
Functions.c(80): warning:  #223-D: function "RTCSet" declared implicitly
Functions.c(98): warning:  #1-D: last line of file ends without a newline
compiling Main.c...
Main.c(5): warning:  #1295-D: Deprecated declaration ProcCmdMSSV - give arg types
Main.c(16): warning:  #223-D: function "strcmp" declared implicitly
Main.c(30): warning:  #223-D: function "init_serial" declared implicitly
Main.c(31): warning:  #223-D: function "sendchars" declared implicitly
Main.c(35): warning:  #223-D: function "getkey" declared implicitly
Main.c(55): warning:  #111-D: statement is unreachable
Main.c(56): warning:  #1-D: last line of file ends without a newline
compiling LCD_4bit.c...
compiling Serial.c...
compiling RTC.c...
RTC.c(21): warning:  #223-D: function "itoa" declared implicitly
RTC.c(40): warning:  #1-D: last line of file ends without a newline
linking...
Program Size: Code=4416 RO-data=304 RW-data=8 ZI-data=1896  
"0812223_0812239_LPC2378.axf" - 0 Error(s), 14 Warning(s).
Build target 'Target 1'
assembling LPC2300.s...
compiling Functions.c...
Functions.c(11): warning:  #223-D: function "sendchar" declared implicitly
Functions.c(70): warning:  #223-D: function "strcmp" declared implicitly
Functions.c(75): warning:  #223-D: function "RTCSet" declared implicitly
Functions.c(80): warning:  #223-D: function "RTCSet" declared implicitly
Functions.c(98): warning:  #1-D: last line of file ends without a newline
compiling Main.c...
Main.c(5): warning:  #1295-D: Deprecated declaration ProcCmdMSSV - give arg types
Main.c(16): warning:  #223-D: function "strcmp" declared implicitly
Main.c(30): warning:  #223-D: function "init_serial" declared implicitly
Main.c(31): warning:  #223-D: function "sendchars" declared implicitly
Main.c(35): warning:  #223-D: function "getkey" declared implicitly
Main.c(55): warning:  #111-D: statement is unreachable
Main.c(56): warning:  #1-D: last line of file ends without a newline
compiling LCD_4bit.c...
compiling Serial.c...
compiling RTC.c...
RTC.c(43): warning:  #1-D: last line of file ends without a newline
linking...
Program Size: Code=4416 RO-data=304 RW-data=8 ZI-data=1896  
"0812223_0812239_LPC2378.axf" - 0 Error(s), 13 Warning(s).
Build target 'Target 1'
assembling LPC2300.s...
compiling Functions.c...
Functions.c(71): warning:  #223-D: function "strcmp" declared implicitly
Functions.c(76): warning:  #223-D: function "RTCSet" declared implicitly
Functions.c(81): warning:  #223-D: function "RTCSet" declared implicitly
Functions.c(99): warning:  #1-D: last line of file ends without a newline
compiling Main.c...
Main.c(5): warning:  #1295-D: Deprecated declaration ProcCmdMSSV - give arg types
Main.c(16): warning:  #223-D: function "strcmp" declared implicitly
Main.c(30): warning:  #223-D: function "init_serial" declared implicitly
Main.c(31): warning:  #223-D: function "sendchars" declared implicitly
Main.c(35): warning:  #223-D: function "getkey" declared implicitly
Main.c(55): warning:  #111-D: statement is unreachable
Main.c(56): warning:  #1-D: last line of file ends without a newline
compiling LCD_4bit.c...
compiling Serial.c...
compiling RTC.c...
RTC.c(43): warning:  #1-D: last line of file ends without a newline
linking...
Program Size: Code=4416 RO-data=304 RW-data=8 ZI-data=1896  
"0812223_0812239_LPC2378.axf" - 0 Error(s), 12 Warning(s).
Build target 'Target 1'
assembling LPC2300.s...
compiling Functions.c...
Functions.c(77): warning:  #223-D: function "RTCSet" declared implicitly
Functions.c(82): warning:  #223-D: function "RTCSet" declared implicitly
Functions.c(100): warning:  #1-D: last line of file ends without a newline
compiling Main.c...
Main.c(5): warning:  #1295-D: Deprecated declaration ProcCmdMSSV - give arg types
Main.c(16): warning:  #223-D: function "strcmp" declared implicitly
Main.c(30): warning:  #223-D: function "init_serial" declared implicitly
Main.c(31): warning:  #223-D: function "sendchars" declared implicitly
Main.c(35): warning:  #223-D: function "getkey" declared implicitly
Main.c(55): warning:  #111-D: statement is unreachable
Main.c(56): warning:  #1-D: last line of file ends without a newline
compiling LCD_4bit.c...
compiling Serial.c...
compiling RTC.c...
RTC.c(43): warning:  #1-D: last line of file ends without a newline
linking...
Program Size: Code=4416 RO-data=304 RW-data=8 ZI-data=1896  
"0812223_0812239_LPC2378.axf" - 0 Error(s), 11 Warning(s).
Build target 'Target 1'
assembling LPC2300.s...
compiling Functions.c...
MyDefine.h(4): warning:  #1-D: last line of file ends without a newline
Functions.c(74): warning:  #223-D: function "RTCSet" declared implicitly
Functions.c(79): warning:  #223-D: function "RTCSet" declared implicitly
Functions.c(97): warning:  #1-D: last line of file ends without a newline
compiling Main.c...
Main.c(5): warning:  #1295-D: Deprecated declaration ProcCmdMSSV - give arg types
Main.c(16): warning:  #223-D: function "strcmp" declared implicitly
Main.c(30): warning:  #223-D: function "init_serial" declared implicitly
Main.c(31): warning:  #223-D: function "sendchars" declared implicitly
Main.c(35): warning:  #223-D: function "getkey" declared implicitly
Main.c(55): warning:  #111-D: statement is unreachable
Main.c(56): warning:  #1-D: last line of file ends without a newline
compiling LCD_4bit.c...
compiling Serial.c...
compiling RTC.c...
RTC.c(43): warning:  #1-D: last line of file ends without a newline
linking...
Program Size: Code=4416 RO-data=304 RW-data=8 ZI-data=1896  
"0812223_0812239_LPC2378.axf" - 0 Error(s), 12 Warning(s).
Build target 'Target 1'
assembling LPC2300.s...
compiling Functions.c...
MyDefine.h(4): warning:  #1-D: last line of file ends without a newline
Functions.c(74): warning:  #223-D: function "RTCSet" declared implicitly
Functions.c(79): warning:  #223-D: function "RTCSet" declared implicitly
Functions.c(97): warning:  #1-D: last line of file ends without a newline
compiling Main.c...
MyDefine.h(4): warning:  #1-D: last line of file ends without a newline
Main.c(12): warning:  #223-D: function "GetString" declared implicitly
Main.c(12): error:  #167: argument of type "int" is incompatible with parameter of type "const char *"
Main.c(14): warning:  #223-D: function "ProcCmdMSSV" declared implicitly
Main.c(16): error:  #167: argument of type "int" is incompatible with parameter of type "const char *"
Main.c(18): warning:  #223-D: function "ProcCmdNow" declared implicitly
Main.c(26): warning:  #223-D: function "init_serial" declared implicitly
Main.c(27): warning:  #223-D: function "sendchars" declared implicitly
Main.c(31): warning:  #223-D: function "getkey" declared implicitly
Main.c(51): warning:  #111-D: statement is unreachable
Main.c(52): warning:  #1-D: last line of file ends without a newline
compiling LCD_4bit.c...
compiling Serial.c...
compiling RTC.c...
RTC.c(43): warning:  #1-D: last line of file ends without a newline
Target not created
Build target 'Target 1'
assembling LPC2300.s...
compiling Functions.c...
MyDefine.h(5): warning:  #1-D: last line of file ends without a newline
Functions.c(74): warning:  #223-D: function "RTCSet" declared implicitly
Functions.c(79): warning:  #223-D: function "RTCSet" declared implicitly
Functions.c(97): warning:  #1-D: last line of file ends without a newline
compiling Main.c...
MyDefine.h(5): warning:  #1-D: last line of file ends without a newline
Main.c(12): warning:  #223-D: function "GetString" declared implicitly
Main.c(12): error:  #167: argument of type "int" is incompatible with parameter of type "const char *"
Main.c(14): warning:  #223-D: function "ProcCmdMSSV" declared implicitly
Main.c(16): error:  #167: argument of type "int" is incompatible with parameter of type "const char *"
Main.c(18): warning:  #223-D: function "ProcCmdNow" declared implicitly
Main.c(26): warning:  #223-D: function "init_serial" declared implicitly
Main.c(27): warning:  #223-D: function "sendchars" declared implicitly
Main.c(31): warning:  #223-D: function "getkey" declared implicitly
Main.c(51): warning:  #111-D: statement is unreachable
Main.c(52): warning:  #1-D: last line of file ends without a newline
compiling LCD_4bit.c...
compiling Serial.c...
compiling RTC.c...
RTC.c(43): warning:  #1-D: last line of file ends without a newline
Target not created
Build target 'Target 1'
assembling LPC2300.s...
compiling Functions.c...
MyDefine.h(10): warning:  #1295-D: Deprecated declaration ProcCmdMSSV - give arg types
Functions.c(74): warning:  #223-D: function "RTCSet" declared implicitly
Functions.c(79): warning:  #223-D: function "RTCSet" declared implicitly
Functions.c(97): warning:  #1-D: last line of file ends without a newline
compiling Main.c...
MyDefine.h(10): warning:  #1295-D: Deprecated declaration ProcCmdMSSV - give arg types
Main.c(26): warning:  #223-D: function "init_serial" declared implicitly
Main.c(27): warning:  #223-D: function "sendchars" declared implicitly
Main.c(31): warning:  #223-D: function "getkey" declared implicitly
Main.c(51): warning:  #111-D: statement is unreachable
Main.c(52): warning:  #1-D: last line of file ends without a newline
compiling LCD_4bit.c...
compiling Serial.c...
compiling RTC.c...
RTC.c(43): warning:  #1-D: last line of file ends without a newline
linking...
Program Size: Code=4416 RO-data=304 RW-data=8 ZI-data=1896  
"0812223_0812239_LPC2378.axf" - 0 Error(s), 11 Warning(s).
Build target 'Target 1'
assembling LPC2300.s...
compiling Functions.c...
Functions.c(74): warning:  #223-D: function "RTCSet" declared implicitly
Functions.c(79): warning:  #223-D: function "RTCSet" declared implicitly
Functions.c(97): warning:  #1-D: last line of file ends without a newline
compiling Main.c...
Main.c(26): warning:  #223-D: function "init_serial" declared implicitly
Main.c(27): warning:  #223-D: function "sendchars" declared implicitly
Main.c(31): warning:  #223-D: function "getkey" declared implicitly
Main.c(51): warning:  #111-D: statement is unreachable
Main.c(52): warning:  #1-D: last line of file ends without a newline
compiling LCD_4bit.c...
compiling Serial.c...
compiling RTC.c...
RTC.c(43): warning:  #1-D: last line of file ends without a newline
linking...
Program Size: Code=4416 RO-data=304 RW-data=8 ZI-data=1896  
"0812223_0812239_LPC2378.axf" - 0 Error(s), 9 Warning(s).
Build target 'Target 1'
assembling LPC2300.s...
compiling Functions.c...
Functions.c(79): error:  #167: argument of type "char *" is incompatible with parameter of type "int"
Functions.c(79): error:  #165: too few arguments in function call
Functions.c(97): warning:  #1-D: last line of file ends without a newline
compiling Main.c...
Main.c(26): warning:  #223-D: function "init_serial" declared implicitly
Main.c(27): warning:  #223-D: function "sendchars" declared implicitly
Main.c(31): warning:  #223-D: function "getkey" declared implicitly
Main.c(51): warning:  #111-D: statement is unreachable
Main.c(52): warning:  #1-D: last line of file ends without a newline
compiling LCD_4bit.c...
compiling Serial.c...
compiling RTC.c...
RTC.c(42): warning:  #1-D: last line of file ends without a newline
Target not created
Build target 'Target 1'
assembling LPC2300.s...
compiling Functions.c...
Functions.c(79): warning:  #223-D: function "RTCSGet" declared implicitly
Functions.c(97): warning:  #1-D: last line of file ends without a newline
compiling Main.c...
Main.c(26): warning:  #223-D: function "init_serial" declared implicitly
Main.c(27): warning:  #223-D: function "sendchars" declared implicitly
Main.c(31): warning:  #223-D: function "getkey" declared implicitly
Main.c(51): warning:  #111-D: statement is unreachable
Main.c(52): warning:  #1-D: last line of file ends without a newline
compiling LCD_4bit.c...
compiling Serial.c...
compiling RTC.c...
RTC.c(42): warning:  #1-D: last line of file ends without a newline
linking...
0812223_0812239_LPC2378.axf: Error: L6218E: Undefined symbol RTCSGet (referred from functions.o).
Target not created
Build target 'Target 1'
assembling LPC2300.s...
compiling Functions.c...
Functions.c(79): warning:  #223-D: function "RTCSGet" declared implicitly
compiling Main.c...
Main.c(26): warning:  #223-D: function "init_serial" declared implicitly
Main.c(27): warning:  #223-D: function "sendchars" declared implicitly
Main.c(31): warning:  #223-D: function "getkey" declared implicitly
Main.c(51): warning:  #111-D: statement is unreachable
Main.c(52): warning:  #1-D: last line of file ends without a newline
compiling LCD_4bit.c...
compiling Serial.c...
compiling RTC.c...
RTC.c(42): warning:  #1-D: last line of file ends without a newline
linking...
0812223_0812239_LPC2378.axf: Error: L6218E: Undefined symbol RTCSGet (referred from functions.o).
Target not created
Build target 'Target 1'
assembling LPC2300.s...
compiling Functions.c...
Functions.c(79): warning:  #223-D: function "RTCSGet" declared implicitly
compiling Main.c...
Main.c(26): warning:  #223-D: function "init_serial" declared implicitly
Main.c(27): warning:  #223-D: function "sendchars" declared implicitly
Main.c(31): warning:  #223-D: function "getkey" declared implicitly
Main.c(51): warning:  #111-D: statement is unreachable
Main.c(52): warning:  #1-D: last line of file ends without a newline
compiling LCD_4bit.c...
compiling Serial.c...
compiling RTC.c...
linking...
0812223_0812239_LPC2378.axf: Error: L6218E: Undefined symbol RTCSGet (referred from functions.o).
Target not created
Build target 'Target 1'
assembling LPC2300.s...
compiling Functions.c...
compiling Main.c...
Main.c(26): warning:  #223-D: function "init_serial" declared implicitly
Main.c(27): warning:  #223-D: function "sendchars" declared implicitly
Main.c(31): warning:  #223-D: function "getkey" declared implicitly
Main.c(51): warning:  #111-D: statement is unreachable
Main.c(52): warning:  #1-D: last line of file ends without a newline
compiling LCD_4bit.c...
compiling Serial.c...
compiling RTC.c...
linking...
Program Size: Code=4416 RO-data=304 RW-data=8 ZI-data=1896  
"0812223_0812239_LPC2378.axf" - 0 Error(s), 5 Warning(s).
Build target 'Target 1'
assembling LPC2300.s...
compiling Functions.c...
compiling Main.c...
Main.c(26): warning:  #223-D: function "init_serial" declared implicitly
Main.c(31): warning:  #223-D: function "getkey" declared implicitly
Main.c(51): warning:  #111-D: statement is unreachable
Main.c(52): warning:  #1-D: last line of file ends without a newline
compiling LCD_4bit.c...
compiling Serial.c...
compiling RTC.c...
linking...
Program Size: Code=4416 RO-data=304 RW-data=8 ZI-data=1896  
"0812223_0812239_LPC2378.axf" - 0 Error(s), 4 Warning(s).
Build target 'Target 1'
assembling LPC2300.s...
compiling Functions.c...
compiling Main.c...
Main.c(51): warning:  #111-D: statement is unreachable
compiling LCD_4bit.c...
compiling Serial.c...
compiling RTC.c...
linking...
Program Size: Code=4416 RO-data=304 RW-data=8 ZI-data=1896  
"0812223_0812239_LPC2378.axf" - 0 Error(s), 1 Warning(s).
Build target 'Target 1'
assembling LPC2300.s...
compiling Functions.c...
compiling Main.c...
Main.c(50): warning:  #111-D: statement is unreachable
compiling LCD_4bit.c...
compiling Serial.c...
compiling RTC.c...
linking...
Program Size: Code=4416 RO-data=304 RW-data=8 ZI-data=1896  
"0812223_0812239_LPC2378.axf" - 0 Error(s), 1 Warning(s).
Build target 'Target 1'
assembling LPC2300.s...
compiling Functions.c...
compiling Main.c...
Main.c(50): warning:  #111-D: statement is unreachable
compiling LCD_4bit.c...
compiling Serial.c...
compiling RTC.c...
linking...
Program Size: Code=4416 RO-data=304 RW-data=8 ZI-data=1896  
"0812223_0812239_LPC2378.axf" - 0 Error(s), 1 Warning(s).
